// Jest Snapshot v1, https://goo.gl/fbAQLP

exports[`<PerPageDropdown /> should match the default snapshot 1`] = `
<div
  className="sc-EHOje filMHp"
>
  <label
    htmlFor="perPage"
  >
    <span
      className="sc-bdVaJa fqDsBO"
    >
      Results per page
    </span>
  </label>
  <select
    className="sc-ifAKCX kDzsBS"
    id="perPage"
    onChange={[Function]}
    value={20}
  >
    <option
      value="10"
    >
      10
    </option>
    <option
      value="20"
    >
      20
    </option>
    <option
      value="50"
    >
      50
    </option>
    <option
      value="100"
    >
      100
    </option>
    <option
      value={999}
    >
      All
    </option>
  </select>
</div>
`;
